[METHOD] GET
[URL] /path
[HEADER] Host: example.com

BOMREMOVED EDGECTRLREMOVED
