[METHOD] GET
[URL] /search
[QUERY] a=1
[QUERY] a=2
[QUERY] b=
[QUERY] flag
[QUERY] a=3
[QUERY] a=
[QUERY] a
[QUERY] dup=one
[QUERY] dup=two
[QUERY] encoded=%25%32%30
[QUERY] empty=
[QUERY] lonely
[HEADER] Host: x.example
[HEADER] Accept-Language: es-ES,es;q=0.9,en;q=0.8
[HEADER] Cache-Control: max-age=0
[HEADER] X-Header: value
[HEADER] 	continued 1
[HEADER]   continued 2
[HEADER] X-Header: another
[HEADER] X-Header: yet another
[HEADER] Cookie: a=1; b=2; c=3
[HEADER] Accept: text/plain