[METHOD] GET
[URL] /foo/bar/baz
MULTIPLESLASH
[HEADER] Host: example.com
[HEADER] User-Agent: Test/1.0
[HEADER] Accept: */*