[METHOD] GET
[URL] /path/bar/../config%00test/final
DOTDOT MULTIPLESLASH
CONTROL FULLWIDTH
[HEADER] Host: example.com
[HEADER] User-Agent: Test/1.0
[HEADER] Accept: */*