[METHOD] GET
[URL] /ok
[HEADER] Host: example.com
