[METHOD] GET
[URL] /test MULTIPLESLASH
[HEADER] accept: text/html, application/xml; q=0.9, image/webp WSPAD
[HEADER] host:  example.com
[HEADER] user-agent: Mozilla 5.0 (X11; Linux) WSPAD
[HEADER] x-custom: value with spaces WSPAD
[HEADER] x-empty: 
[HEADER] x-mixed: tabs and spaces WSPAD
[HEADER] x-tabs: value with tabs WSPAD
[HAGG] h_count=7 dup_names=0 hopbyhop=0 bad_names=0 total_bytes=151
[HGF] HDRNORM
[QMETA] count=0