[METHOD] GET
[URL] /path/to/../../../etc/passwd%00.jpg CONTROL NUL PCTNULL DOTDOT MULTIPLESLASH
[QUERY] cmd=cat /etc/passwd | grep root PCTSPACE PIPE SPACE
[QUERY] q=<script>alert('xss')</script> ANGLE PAREN QUOTE
[QUERY] file=../../../windows/system32\cmd.exe BACKSLASH
[HEADER] accept: text/html,application/xhtml+xml,application/xml;q=0.9,*/*;q=0.8
[HEADER] accept-language: en-US,en;q=0.5
[HEADER] authorization: Bearer <SECRET:jwt:128> ANGLE
[HEADER] cache-control: no-cache, no-store, must-revalidate
[HEADER] connection: keep-alive HOPBYHOP
[HEADER] content-length: 0
[HEADER] cookie: session=abc123; theme=dark; lang=en-US; auth=<SECRET:token:32> ANGLE
[HEADER] etag: "abc-123" QUOTE
[HEADER] host: example.com:80
[HEADER] user-agent: Mozilla/5.0 (X11; Linux x86_64) Test/1.0 PAREN
[HEADER] x-custom: {json: "data"} nul%00byte WSPAD BRACE NUL QUOTE
[HEADER] x-dup-header: value1 DUPHDR
[HEADER] x-dup-header: value2 DUPHDR
[HEADER] x-dup-header: value3 DUPHDR
[HEADER] x-encoded: %3Cscript%3Ealert%281%29%3C/script%3E ANGLE PAREN
[HEADER] x-forwarded-for: 192.168.1.1, 10.0.0.1
[HEADER] x-html: &lt;script&gt;alert(&#39;xss&#39;);&lt;/script&gt; PAREN
[HEADER] x-mixed-script: раypal.com + αbeta + аcyrillic MIXEDSCRIPT
[HEADER] x-obs-fold: first line continued via obs-fold OBSFOLD DUPHDR
[HEADER] x-obs-fold: second line more continuation OBSFOLD DUPHDR
[HEADER] x-unicode: path/файл.txt + control^A^B^C MIXEDSCRIPT
[HAGG] h_count=21 dup_names=2 hopbyhop=1 bad_names=0 total_bytes=587
[HGF] HDRNORM
[QMETA] count=3 ANGLE BACKSLASH PAREN PCTSPACE PIPE QUOTE SPACE