[METHOD] GET
[URL] /path/API/test
FULLWIDTH
[QPARAM] param
[QPARAM] normal
[QPARAM] mixed
[QMETA] count=3
[HEADER] Host: example.com
[HEADER] User-Agent: Test/1.0
[HEADER] Accept: */*