[METHOD] GET
[URL] /path/test/nested
[QPARAM] param1
[QPARAM] param2
[QPARAM] param3 QEMPTYVAL
[QPARAM] malformed QBARE
[QPARAM] valid
[QPARAM] script
[QMETA] count=6 QEMPTYVAL QBARE
[HEADER] Host: example.com
[HEADER] User-Agent: Test/1.0
[HEADER] Accept: */*