[METHOD] POST
[URL] /../../root
DOTDOT
[QPARAM] empty QBARE
[QPARAM] <empty> QREPEAT:<empty>
[QPARAM] emptyval QEMPTYVAL
[QPARAM] both QEMPTYVAL
[QPARAM] <empty> QEMPTYVAL QREPEAT:<empty>
[QPARAM] <empty> QREPEAT:<empty>
[QPARAM] param
[QPARAM] normal
[QPARAM] <empty> QREPEAT:<empty>
[QPARAM] <empty> QREPEAT:<empty>
[QPARAM] double
[QMETA] count=11 QBARE QEMPTYVAL
[HEADER] Host: example.com
[HEADER] Content-Length: 0
[HEADER] User-Agent: Test/1.0
[HEADER] Accept: */*