[METHOD] GET
[URL] /already/normalized/path
[QUERY] param=value
[QUERY] encoded=%2Etest
[HEADER] Host: example.com
[HEADER] User-Agent: Test/1.0
[HEADER] Accept: */*