[METHOD] GET
[URL] /badfold
BADHDRCONT
[HEADER] Host: example.com
[HEADER] X-Test: ok