[METHOD] GET
[URL] /crlf
[HEADER] Host: example.com
[HEADER] X-Evil: start Injected: bad
BADCRLF
[HEADER] X-Next: safe