[METHOD] GET
[URL] /path%00with%00nulls
NUL
CONTROL
[QPARAM] param QNUL
[QPARAM] normal
[QPARAM] special QNUL
[QMETA] count=3 QNUL
[HEADER] Host: example.com
[HEADER] User-Agent: Test/1.0
[HEADER] Accept: */*